[sauce-demo.myshopify.com/index.html]
[backblue.gif]
[fade.gif]
[index.html]
[ajax.googleapis.com/ajax/libs/jquery/1.9.0/jquery.min.js]
[sauce-demo.myshopify.com/cdn/shop/t/2/assets/theme.scss8437.css]
[sauce-demo.myshopify.com/cdn/shop/t/2/assets/jquery.fancyboxc42b.js]
[sauce-demo.myshopify.com/cdn/shop/t/2/assets/jquery.elevatezoom6bf3.js]
[sauce-demo.myshopify.com/cdn/shopifycloud/storefront/assets/themes_support/option_selection-b017cd28.js]
[sauce-demo.myshopify.com/cdn/shop/t/2/assets/favicon80cb.ico]
[sauce-demo.myshopify.com/cdn/shop/t/2/assets/apple-touch-icon7d87.png]
[sauce-demo.myshopify.com/cdn/shop/t/2/assets/apple-touch-icon-72x727ea5.png]
[sauce-demo.myshopify.com/cdn/shop/t/2/assets/apple-touch-icon-114x1149573.png]
[sauce-demo.myshopify.com/checkouts/internal/preloadsfd7f.js]
[cdn.shopify.com/shopifycloud/storefront-forms-hcaptcha/ce_storefront_forms_captcha_hcaptcha.v1.5.2.iife.js]
[sauce-demo.myshopify.com/cdn/shop/t/2/assets/jquery.theme538e.js]
[sauce-demo.myshopify.com/cdn/shopifycloud/storefront/assets/storefront/load_feature-496de5fe.js]
[sauce-demo.myshopify.com/cdn/shopifycloud/portable-wallets/latest/portable-wallets.en.js]
[sauce-demo.myshopify.com/POST]
[sauce-demo.myshopify.com/cdn]
[sauce-demo.myshopify.com/cdn/s/trekkie.storefront.793024e5c781b83428b9784ec5054da9d22f7d7f.min.js]
[sauce-demo.myshopify.com/cdn/shopifycloud/storefront/assets/shop_events_listener-3da45d37.js]
[sauce-demo.myshopify.com/cdn/shopifycloud/perf-kit/shopify-perf-kit-3.3.1.min.js]
[sauce-demo.myshopify.com/search.html]
[sauce-demo.myshopify.com/pages/about-us.html]
[sauce-demo.myshopify.com/account/login.html]
[sauce-demo.myshopify.com/account/register.html]
[sauce-demo.myshopify.com/cart.html]
[sauce-demo.myshopify.com/cdn/shop/t/2/assets/logofc36.png]
[sauce-demo.myshopify.com/collections/all.html]
[sauce-demo.myshopify.com/blogs/news.html]
[sauce-demo.myshopify.com/blogs/news.atom]
[sauce-demo.myshopify.com/collections/frontpage/products/grey-jacket.html]
[sauce-demo.myshopify.com/cdn/shop/products/fleece_large12d5.jpg]
[sauce-demo.myshopify.com/collections/frontpage/products/noir-jacket.html]
[sauce-demo.myshopify.com/cdn/shop/products/jacket_largee19a.jpg]
[sauce-demo.myshopify.com/collections/frontpage/products/striped-top.html]
[sauce-demo.myshopify.com/cdn/shop/products/top-striped_largecb91.jpg]
[sauce-demo.myshopify.com/cdn/shop/t/2/assets/cc-amex138b.png]
[sauce-demo.myshopify.com/cdn/shop/t/2/assets/cc-visa288f.png]
[sauce-demo.myshopify.com/cdn/shop/t/2/assets/cc-mastercard79b7.png]
[sauce-demo.myshopify.com/index.html]
[connect.facebook.net/en_US/fbds.js]
[sauce-demo.myshopify.com/cdn/shop/t/2/assets/loader1728.gif]
[sauce-demo.myshopify.com/cdn/shop/t/2/assets/spritec15f.png]
[sauce-demo.myshopify.com/cdn/shop/t/2/assets/sprited01a.png]
[sauce-demo.myshopify.com/cdn/shop/t/2/assets/fancybox_sprite.png]
[sauce-demo.myshopify.com/cdn/shop/t/2/assets/fancybox_loading.gif]
[sauce-demo.myshopify.com/cdn/shop/t/2/assets/blank.gif]
[sauce-demo.myshopify.com/cdn/shop/t/2/assets/fancybox_overlaycfcd.png]
[sauce-demo.myshopify.com/cdn/shop/t/2/assets/loader.gif]
[sauce-demo.myshopify.com/cdn/shop/t/2/assets/fancybox-sprite7749.png]
[sauce-demo.myshopify.com/cdn/shop/t/2/assets/blankslate-producticoneeec.png]
[sauce-demo.myshopify.com/cdn/shop/t/2/assets/theme.scss8437.css]
[dk7vxmpleem9z.cloudfront.net/sgmnt.min.js]
[sauce-demo.myshopify.com/POST.html]
[sauce-demo.myshopify.com/cdn.html]
[sauce-demo.myshopify.com/search.html]
[sauce-demo.myshopify.com/pages/POST]
[sauce-demo.myshopify.com/pages/about-us.html]
[sauce-demo.myshopify.com/cdn/shopifycloud/storefront/assets/themes_support/shopify_common-5f594365.js]
[sauce-demo.myshopify.com/cdn/shopifycloud/storefront/assets/themes_support/customer_area-f1b6eefc.js]
[sauce-demo.myshopify.com/cdn/shopifycloud/shop-js/modules/v2/loader.init-customer-accounts.en.esm.js]
[sauce-demo.myshopify.com/cdn/shopifycloud/shop-js/modules/v2/loader.init-customer-accounts-sign-up.en.esm.js]
[sauce-demo.myshopify.com/account/POST]
[sauce-demo.myshopify.com/account/login.html]
[sauce-demo.myshopify.com/account/register.html]
[sauce-demo.myshopify.com/cart.html]
[sauce-demo.myshopify.com/collections/all.atom]
[sauce-demo.myshopify.com/collections/POST.50.delayed]
[sauce-demo.myshopify.com/products/flower-print-jeans.html]
[sauce-demo.myshopify.com/cdn/shop/products/shoes3_large01ba.jpg]
[sauce-demo.myshopify.com/products/bronze-sandals.html]
[sauce-demo.myshopify.com/cdn/shop/products/shoes_large999d.jpg]
[sauce-demo.myshopify.com/products/brown-shades.html]
[sauce-demo.myshopify.com/cdn/shop/products/RayBanWayfarer5022sunglasses_largea685.jpg]
[sauce-demo.myshopify.com/products/grey-jacket.html]
[sauce-demo.myshopify.com/products/noir-jacket.html]
[sauce-demo.myshopify.com/products/striped-top.html]
[sauce-demo.myshopify.com/products/white-sandals.html]
[sauce-demo.myshopify.com/cdn/shop/products/shoes2_large8fe4.jpg]
[sauce-demo.myshopify.com/collections/all.html]
[sauce-demo.myshopify.com/blogs/POST]
[sauce-demo.myshopify.com/blogs/news/12832805-first-post.html]
[sauce-demo.myshopify.com/blogs/news.html]
[sauce-demo.myshopify.com/cdn/shop/products/fleece12d5.jpg]
[sauce-demo.myshopify.com/products/grey-jacket.oembed]
[sauce-demo.myshopify.com/collections/frontpage/products/POST]
[sauce-demo.myshopify.com/collections/frontpage.html]
[sauce-demo.myshopify.com/cdn/shop/products/fleece_grande12d5.jpg]
[sauce-demo.myshopify.com/collections/frontpage/products/grey-jacket.html]
[sauce-demo.myshopify.com/cdn/shop/products/jackete19a.jpg]
[sauce-demo.myshopify.com/products/noir-jacket.oembed]
[sauce-demo.myshopify.com/cdn/shop/products/jacket_grandee19a.jpg]
[sauce-demo.myshopify.com/collections/frontpage/products/noir-jacket.html]
[sauce-demo.myshopify.com/cdn/shop/products/top-stripedcb91.jpg]
[sauce-demo.myshopify.com/products/striped-top.oembed]
[sauce-demo.myshopify.com/cdn/shop/products/top-striped_grandecb91.jpg]
[sauce-demo.myshopify.com/collections/frontpage/products/striped-top.html]
[connect.facebook.net/en_US/fbds.js]
[sauce-demo.myshopify.com/cdn/shop/t/2/assets/fancybox_sprite.html]
[sauce-demo.myshopify.com/cdn/shop/t/2/assets/fancybox_loading.html]
[sauce-demo.myshopify.com/cdn/shop/t/2/assets/blank.html]
[sauce-demo.myshopify.com/cdn/shop/t/2/assets/fancybox_overlaycfcd.html]
[sauce-demo.myshopify.com/pages/POST.html]
[sauce-demo.myshopify.com/account/POST.html]
[sauce-demo.myshopify.com/collections/POST.html]
[sauce-demo.myshopify.com/cdn/shop/products/shoes301ba.jpg]
[sauce-demo.myshopify.com/products/flower-print-jeans.oembed]
[sauce-demo.myshopify.com/products/POST]
[sauce-demo.myshopify.com/cdn/shop/products/shoes3_grande01ba.jpg]
[sauce-demo.myshopify.com/products/flower-print-jeans.html]
[sauce-demo.myshopify.com/cdn/shop/products/shoes999d.jpg]
[sauce-demo.myshopify.com/products/bronze-sandals.oembed]
[sauce-demo.myshopify.com/cdn/shop/products/shoes_grande999d.jpg]
[sauce-demo.myshopify.com/products/bronze-sandals.html]
[sauce-demo.myshopify.com/cdn/shop/products/RayBanWayfarer5022sunglassesa685.jpg]
[sauce-demo.myshopify.com/products/brown-shades.oembed]
[sauce-demo.myshopify.com/cdn/shop/products/RayBanWayfarer5022sunglasses_grandea685.jpg]
[sauce-demo.myshopify.com/products/brown-shades.html]
[sauce-demo.myshopify.com/products/grey-jacket.html]
[sauce-demo.myshopify.com/products/noir-jacket.html]
[sauce-demo.myshopify.com/products/striped-top.html]
[sauce-demo.myshopify.com/cdn/shop/products/shoes28fe4.jpg]
[sauce-demo.myshopify.com/products/white-sandals.oembed]
[sauce-demo.myshopify.com/cdn/shop/products/shoes2_grande8fe4.jpg]
[sauce-demo.myshopify.com/products/white-sandals.html]
[sauce-demo.myshopify.com/blogs/POST.html]
[sauce-demo.myshopify.com/blogs/news/POST]
[apis.google.com/js/plusone.js]
[platform.twitter.com/widgets.js]
[sauce-demo.myshopify.com/blogs/news/12832805-first-post.html]
[sauce-demo.myshopify.com/collections/frontpage/products/POST.html]
[assets.pinterest.com/js/pinit.js]
[sauce-demo.myshopify.com/collections/frontpage.atom]
[sauce-demo.myshopify.com/collections/frontpage.oembed]
[sauce-demo.myshopify.com/collections/frontpage.html]
[sauce-demo.myshopify.com/products/POST.html]
[sauce-demo.myshopify.com/blogs/news/POST.html]
[pinterest.com/pin/create/button/index08de.html]
[pinterest.com/pin/create/button/index1e80.html]
